=== Wait 30s for full BMC init ===
=== Check service available (5 retries) ===
iter=1 OK
=== Status (should be clean) ===
CDImage.Server=10.1.6.1
CDImage.ShareName=public
CDImage.ImageName=debian-training-tx1320-raid10.iso
RemoteMountEnabled=true
=== AllowableValues ===
AllowableValues: ['ConnectCD']
=== ConnectCD (retry post-503) ===
HTTP 204
=== Poll Members count (5s × 18 = 90s) ===
[02:31:35] iter=1 Members=0
[02:31:42] iter=2 Members=0
[02:31:49] iter=3 Members=0
[02:31:55] iter=4 Members=0
[02:32:02] iter=5 Members=0
[02:32:09] iter=6 Members=0
[02:32:16] iter=7 Members=0
[02:32:23] iter=8 Members=0
[02:32:31] iter=9 Members=0
[02:32:38] iter=10 Members=0
[02:32:44] iter=11 Members=0
[02:32:51] iter=12 Members=0
[02:32:58] iter=13 Members=0
[02:33:05] iter=14 Members=0
[02:33:12] iter=15 Members=0
[02:33:19] iter=16 Members=0
[02:33:25] iter=17 Members=0
[02:33:34] iter=18 Members=0
=== Final TCP status ===
State Recv-Q Send-Q Local Address:Port Peer Address:Port Process
ESTAB 0      39          10.1.6.1:445  10.254.254.9:46614
	 cubic wscale:5,7 rto:520 rtt:317.795/1.901 ato:40 mss:1305 pmtu:1500 rcvmss:536 advmss:1448 cwnd:10 bytes_sent:14390 bytes_acked:14351 bytes_received:2629 segs_out:32 segs_in:37 data_segs_out:31 data_segs_in:23 send 328514bps lastsnd:22 lastrcv:22 lastack:22 pacing_rate 657024bps delivery_rate 197216bps delivered:31 app_limited busy:7019ms unacked:1 rcv_space:14480 rcv_ssthresh:64088 minrtt:297.736 snd_wnd:75840
=== Final Samba log line count ===
0 /var/log/samba/log.10.254.254.9
