=== Phase 3a: configure samba-4.19.5 (Ubuntu layout) ===
Building with Spotlight support, available backends: noindex, elasticsearch
Checking for library nscd                                                                       : no 
Checking for nscd_flush_cache                                                                   : not found 
VFS_STATIC: vfs_default,vfs_not_implemented,vfs_posixacl,vfs_dfs_samba4
VFS_SHARED: vfs_recycle,vfs_audit,vfs_extd_audit,vfs_full_audit,vfs_fake_perms,vfs_default_quota,vfs_readonly,vfs_cap,vfs_expand_msdfs,vfs_shadow_copy,vfs_shadow_copy2,vfs_readahead,vfs_xattr_tdb,vfs_streams_xattr,vfs_streams_depot,vfs_acl_xattr,vfs_acl_tdb,vfs_preopen,vfs_catia,vfs_media_harmony,vfs_unityed_media,vfs_fruit,vfs_shell_snap,vfs_commit,vfs_worm,vfs_crossrename,vfs_linux_xfs_sgid,vfs_time_audit,vfs_offline,vfs_virusfilter,vfs_widelinks,vfs_snapper,vfs_posix_eadb,vfs_syncops,vfs_dirsort,vfs_fileid,vfs_aio_fork,vfs_io_uring,vfs_aio_pthread,vfs_gpfs,vfs_btrfs,vfs_ceph,vfs_ceph_snapshots,vfs_glusterfs,vfs_glusterfs_fuse
PDB_STATIC: pdb_smbpasswd,pdb_tdbsam,pdb_samba_dsdb,pdb_ldapsam
PDB_SHARED: 
AUTH_STATIC: auth_builtin,auth_sam,auth_winbind,auth_unix,auth_samba4
AUTH_SHARED: 
NSS_INFO_STATIC: nss_info_template
NSS_INFO_SHARED: 
CHARSET_STATIC: 
CHARSET_SHARED: 
IDMAP_STATIC: idmap_tdb,idmap_passdb,idmap_nss,idmap_ldap
IDMAP_SHARED: idmap_ad,idmap_rfc2307,idmap_autorid,idmap_rid,idmap_hash,idmap_tdb2,idmap_script
GPEXT_STATIC: 
GPEXT_SHARED: 
Checking for dbus                                                                               : yes 
Checking for header dbus/dbus.h                                                                 : yes 
Checking for library dbus-1                                                                     : yes 
Checking for openpty                                                                            : ok 
Checking for TCP_USER_TIMEOUT                                                                   : ok 
Checking for system installation of Python module markdown                                      : system 
Checking for system installation of Python module dns                                           : system 
Checking for header linux/sockios.h                                                             : yes 
Checking for header linux/ethtool.h                                                             : yes 
Checking for system libtasn1 (>=3.8)                                                            : yes 
Checking for program 'asn1Parser'                                                               : /usr/bin/asn1Parser 
Checking for declaration of krb5_pac_get_buffer                                                 : not found 
Checking for declaration of krb5_pac_get_buffer (as enum)                                       : not found 
Checking linker accepts -Wl,-no-undefined                                                       : yes 
Checking linker accepts ['-undefined', 'dynamic_lookup']                                        : no 
Checking linker accepts -Wl,--as-needed                                                         : yes 
-lc not needed                                                                                  : -lc is unnecessary 
Checking configure summary                                                                      : ok 
Checking compiler for PIE support                                                               : yes 
Checking compiler for full RELRO support                                                        : yes 
Checking if compiler accepts -fstack-protector-strong                                           : yes 
Checking if compiler accepts -fstack-clash-protection                                           : yes 
'configure' finished successfully (1m37.714s)
=== configure exit=0 ===
(no build dir yet)
