 Session operational.  Use ~? for help]
 Session operational.  Use ~? for help]
 Session operational.  Use ~? for help]
 Session operational.  Use ~? for help]
 Session operational.  Use ~? for help]
 Session operational.  Use ~? for help]
 Session operational.  Use ~? for help]
Eied
 Session operational.  Use ~? for help]
Eied
 Session operational.  Use ~? for help]
Eied
 Session operational.  Use ~? for help]
Eied
 Session operational.  Use ~? for help]
Eied
 Session operational.  Use ~? for help]
Eied
 Session operational.  Use ~? for help]
Eied
 Session operational.  Use ~? for help]
Eied
 Session operational.  Use ~? for help]
Eied
 Session operational.  Use ~? for help]
Eied
 Session operational.  Use ~? for help]
Eied
 Session operational.  Use ~? for help]
Eied
 Session operational.  Use ~? for help]
Eied
 Session operational.  Use ~? for help]
Eied
 Session operational.  Use ~? for help]
Eied
 Session operational.  Use ~? for help]
Eied
 Session operational.  Use ~? for help]
Eied
 Session operational.  Use ~? for help]
Eied
 Session operational.  Use ~? for help]
Eied
 Session operational.  Use ~? for help]
Eied
 Session operational.  Use ~? for help]
Eied
 Session operational.  Use ~? for help]
Eied
 Session operational.  Use ~? for help]
Eied
 Session operational.  Use ~? for help]
Eied
 Session operational.  Use ~? for help]
Eied
 Session operational.  Use ~? for help]
Eied
 Session operational.  Use ~? for help]
Eied
 Session operational.  Use ~? for help]
Eied
 Session operational.  Use ~? for help]
Eied
 Session operational.  Use ~? for help]
Eied
 Session operational.  Use ~? for help]
Eied
 Session operational.  Use ~? for help]
Eied
 Session operational.  Use ~? for help]
Eied
 Session operational.  Use ~? for help]
Eied
 Session operational.  Use ~? for help]
Eied
 Session operational.  Use ~? for help]
Eied
 Session operational.  Use ~? for help]
Eied
 Session operational.  Use ~? for help]
Eied
 Session operational.  Use ~? for help]
Eied
 Session operational.  Use ~? for help]
Eied
 Session operational.  Use ~? for help]
Eied
 Session operational.  Use ~? for help]
Eied
 Session operational.  Use ~? for help]
Eied
 Session operational.  Use ~? for help]
Eied
 Session operational.  Use ~? for help]
Eied
 Session operational.  Use ~? for help]
Eied
 Session operational.  Use ~? for help]
Eied
 Session operational.  Use ~? for help]
Eied
 Session operational.  Use ~? for help]
Eied
 Session operational.  Use ~? for help]
Eied
 Session operational.  Use ~? for help]
Eied
 Session operational.  Use ~? for help]
Eied
 Session operational.  Use ~? for help]
Eied
 Session operational.  Use ~? for help]
Eied
 Session operational.  Use ~? for help]
Eied
 Session operational.  Use ~? for help]
Eied
 Session operational.  Use ~? for help]
Eied
 Session operational.  Use ~? for help]
Eied
 Session operational.  Use ~? for help]
Eied
 Session operational.  Use ~? for help]
Eied
 Session operational.  Use ~? for help]
Eied
 Session operational.  Use ~? for help]
Eied
 Session operational.  Use ~? for help]
Eied
 Session operational.  Use ~? for help]
Eied
 Session operational.  Use ~? for help]
Eied
 Session operational.  Use ~? for help]
Eied
 Session operational.  Use ~? for help]
Eied
 Session operational.  Use ~? for help]
Eied
 Session operational.  Use ~? for help]
Eied
 Session operational.  Use ~? for help]
Eied
 Session operational.  Use ~? for help]
Eied
 Session operational.  Use ~? for help]
Eied
 Session operational.  Use ~? for help]
Eied
 Session operational.  Use ~? for help]
Eied
 Session operational.  Use ~? for help]
Eied
 Session operational.  Use ~? for help]
Eied
 Session operational.  Use ~? for help]
Eied
 Session operational.  Use ~? for help]
Eied
 Session operational.  Use ~? for help]
Eied
 Session operational.  Use ~? for help]
Eied
 Session operational.  Use ~? for help]
Eied
 Session operational.  Use ~? for help]
Eied
 Session operational.  Use ~? for help]
Eied
 Session operational.  Use ~? for help]
Eied
 Session operational.  Use ~? for help]
Eied
 Session operational.  Use ~? for help]
Eied
 Session operational.  Use ~? for help]
Eied
 Session operational.  Use ~? for help]
Eied
 Session operational.  Use ~? for help]
Eied
 Session operational.  Use ~? for help]
Eied
 Session operational.  Use ~? for help]
Eied
 Session operational.  Use ~? for help]
Eied
 Session operational.  Use ~? for help]
Eied
 Session operational.  Use ~? for help]
Eied
 Session operational.  Use ~? for help]
Eied
 Session operational.  Use ~? for help]
Eied
 Session operational.  Use ~? for help]
Eied
 Session operational.  Use ~? for help]
Eied
 Session operational.  Use ~? for help]
Eied
 Session operational.  Use ~? for help]
Eied
 Session operational.  Use ~? for help]
Eied
 Session operational.  Use ~? for help]
Eied
 Session operational.  Use ~? for help]
Eied
 Session operational.  Use ~? for help]
Eied
 Session operational.  Use ~? for help]
Eied
Error: No response to keepalive - Terminating session
 Session operational.  Use ~? for help]
Eied
Error: No response to keepalive - Terminating session
 Session operational.  Use ~? for help]
Eied
Error: No response to keepalive - Terminating session
Error: No response de-activating SOL payload
 Session operational.  Use ~? for help]
 Session operational.  Use ~? for help]
 Session operational.  Use ~? for help]
 Session operational.  Use ~? for help]
 Session operational.  Use ~? for help]
 Session operational.  Use ~? for help]
 Session operational.  Use ~? for help]
 Session operational.  Use ~? for help]
 Session operational.  Use ~? for help]
 Session operational.  Use ~? for help]
 Session operational.  Use ~? for help]
 Session operational.  Use ~? for help]
 Session operational.  Use ~? for help]
 Session operational.  Use ~? for help]
 Session operational.  Use ~? for help]
 Session operational.  Use ~? for help]
 Session operational.  Use ~? for help]
 Session operational.  Use ~? for help]
 Session operational.  Use ~? for help]
 Session operational.  Use ~? for help]
 Session operational.  Use ~? for help]
 Session operational.  Use ~? for help]
 Session operational.  Use ~? for help]
 Session operational.  Use ~? for help]
 Session operational.  Use ~? for help]
 Session operational.  Use ~? for help]
 Session operational.  Use ~? for help]
 Session operational.  Use ~? for help]
 Session operational.  Use ~? for help]
 Session operational.  Use ~? for help]
 Session operational.  Use ~? for help]
 Session operational.  Use ~? for help]
 Session operational.  Use ~? for help]
 Session operational.  Use ~? for help]
 Session operational.  Use ~? for help]
 Session operational.  Use ~? for help]
 Session operational.  Use ~? for help]
 Session operational.  Use ~? for help]
SOL session closed by BMC
