iter=1  ts=14:26:17  Members.count=0
--cd_status--
CDImage.Server=10.1.6.1
CDImage.ShareName=public
CDImage.ImageName=debian-training-tx1320-raid10.iso
RemoteMountEnabled=true
----
iter=2  ts=14:26:26  Members.count=0
--cd_status--
CDImage.Server=10.1.6.1
CDImage.ShareName=public
CDImage.ImageName=debian-training-tx1320-raid10.iso
RemoteMountEnabled=true
----
iter=3  ts=14:26:37  Members.count=0
--cd_status--
CDImage.Server=10.1.6.1
CDImage.ShareName=public
CDImage.ImageName=debian-training-tx1320-raid10.iso
RemoteMountEnabled=true
----
iter=4  ts=14:26:47  Members.count=0
--cd_status--
CDImage.Server=10.1.6.1
CDImage.ShareName=public
CDImage.ImageName=debian-training-tx1320-raid10.iso
RemoteMountEnabled=true
----
iter=5  ts=14:26:56  Members.count=0
--cd_status--
CDImage.Server=10.1.6.1
CDImage.ShareName=public
CDImage.ImageName=debian-training-tx1320-raid10.iso
RemoteMountEnabled=true
----
iter=6  ts=14:27:05  Members.count=0
--cd_status--
CDImage.Server=10.1.6.1
CDImage.ShareName=public
CDImage.ImageName=debian-training-tx1320-raid10.iso
RemoteMountEnabled=true
----
iter=7  ts=14:27:13  Members.count=0
--cd_status--
CDImage.Server=10.1.6.1
CDImage.ShareName=public
CDImage.ImageName=debian-training-tx1320-raid10.iso
RemoteMountEnabled=true
----
iter=8  ts=14:27:23  Members.count=0
--cd_status--
CDImage.Server=10.1.6.1
CDImage.ShareName=public
CDImage.ImageName=debian-training-tx1320-raid10.iso
RemoteMountEnabled=true
----
iter=9  ts=14:27:33  Members.count=0
--cd_status--
CDImage.Server=10.1.6.1
CDImage.ShareName=public
CDImage.ImageName=debian-training-tx1320-raid10.iso
RemoteMountEnabled=true
----
iter=10  ts=14:27:42  Members.count=0
--cd_status--
CDImage.Server=10.1.6.1
CDImage.ShareName=public
CDImage.ImageName=debian-training-tx1320-raid10.iso
RemoteMountEnabled=true
----
iter=11  ts=14:27:50  Members.count=0
--cd_status--
CDImage.Server=10.1.6.1
CDImage.ShareName=public
CDImage.ImageName=debian-training-tx1320-raid10.iso
RemoteMountEnabled=true
----
iter=12  ts=14:28:01  Members.count=0
--cd_status--
CDImage.Server=10.1.6.1
CDImage.ShareName=public
CDImage.ImageName=debian-training-tx1320-raid10.iso
RemoteMountEnabled=true
----
iter=13  ts=14:28:10  Members.count=0
--cd_status--
CDImage.Server=10.1.6.1
CDImage.ShareName=public
CDImage.ImageName=debian-training-tx1320-raid10.iso
RemoteMountEnabled=true
----
iter=14  ts=14:28:18  Members.count=0
--cd_status--
CDImage.Server=10.1.6.1
CDImage.ShareName=public
CDImage.ImageName=debian-training-tx1320-raid10.iso
RemoteMountEnabled=true
----
iter=15  ts=14:28:27  Members.count=0
--cd_status--
CDImage.Server=10.1.6.1
CDImage.ShareName=public
CDImage.ImageName=debian-training-tx1320-raid10.iso
RemoteMountEnabled=true
----
iter=16  ts=14:28:39  Members.count=0
--cd_status--
CDImage.Server=10.1.6.1
CDImage.ShareName=public
CDImage.ImageName=debian-training-tx1320-raid10.iso
RemoteMountEnabled=true
----
iter=17  ts=14:28:49  Members.count=0
--cd_status--
CDImage.Server=10.1.6.1
CDImage.ShareName=public
CDImage.ImageName=debian-training-tx1320-raid10.iso
RemoteMountEnabled=true
----
iter=18  ts=14:28:58  Members.count=0
--cd_status--
CDImage.Server=10.1.6.1
CDImage.ShareName=public
CDImage.ImageName=debian-training-tx1320-raid10.iso
RemoteMountEnabled=true
----
iter=19  ts=14:29:07  Members.count=0
--cd_status--
CDImage.Server=10.1.6.1
CDImage.ShareName=public
CDImage.ImageName=debian-training-tx1320-raid10.iso
RemoteMountEnabled=true
----
iter=20  ts=14:29:17  Members.count=0
--cd_status--
CDImage.Server=10.1.6.1
CDImage.ShareName=public
CDImage.ImageName=debian-training-tx1320-raid10.iso
RemoteMountEnabled=true
----
iter=21  ts=14:29:26  Members.count=0
--cd_status--
CDImage.Server=10.1.6.1
CDImage.ShareName=public
CDImage.ImageName=debian-training-tx1320-raid10.iso
RemoteMountEnabled=true
----
iter=22  ts=14:29:36  Members.count=0
--cd_status--
CDImage.Server=10.1.6.1
CDImage.ShareName=public
CDImage.ImageName=debian-training-tx1320-raid10.iso
RemoteMountEnabled=true
----
iter=23  ts=14:29:44  Members.count=0
--cd_status--
CDImage.Server=10.1.6.1
CDImage.ShareName=public
CDImage.ImageName=debian-training-tx1320-raid10.iso
RemoteMountEnabled=true
----
iter=24  ts=14:29:54  Members.count=0
--cd_status--
CDImage.Server=10.1.6.1
CDImage.ShareName=public
CDImage.ImageName=debian-training-tx1320-raid10.iso
RemoteMountEnabled=true
----
