[10:00:51] ============================================================
[10:00:51] iter_09_explore: BMC + BIOS Setup pre-requisite must be done
[10:00:51] Expected starting state: BIOS Setup open at AVAGO row OR top tab
[10:00:51] ============================================================
[10:00:52] Login to 10.254.254.9 (attempt 1/3)
[10:01:01] SID: oerphK3e...
[10:01:03] Warm-up 15s
[10:01:25] --- Step 1: navigate_to_avago_main ---
[10:01:25] [goto_avago_main] navigate_to_avago_main
[10:01:25] safe_navigate_to_advanced_tab
[10:01:26]   safe_esc[1] size=14440 state=main_menu_submenu_cfg_mgmt
[10:01:28]   safe_esc[2] size=17735 state=avago_main_vds0
[10:01:30]   safe_esc[3] size=18051 state=advanced_tab_item_14
[10:01:30]     at top-level: advanced_tab_item_14
[10:01:30]   pos check: size=18051 state=advanced_tab_item_14
[10:01:41]   nav_y[goto_avago_main_to_avago_row/caret]: initial cursor_y=260 target=393
[10:01:42]   nav_y[goto_avago_main_to_avago_row/caret][1/25]: cursor_y=273 target=393
[10:01:43]   nav_y[goto_avago_main_to_avago_row/caret][2/25]: cursor_y=297 target=393
[10:01:44]   nav_y[goto_avago_main_to_avago_row/caret][3/25]: cursor_y=311 target=393
[10:01:45]   nav_y[goto_avago_main_to_avago_row/caret][4/25]: cursor_y=336 target=393
[10:01:46]   nav_y[goto_avago_main_to_avago_row/caret][5/25]: cursor_y=374 target=393
[10:01:47]   nav_y[goto_avago_main_to_avago_row/caret][6/25]: cursor_y=393 target=393
[10:01:47]   -> reached target_y=393 at press 6
[10:01:52] [goto_avago_main] AVAGO Main cursor_y=70 expected=70
[10:01:52] --- Step 2: open_create_vd_form ---
[10:01:52] Open Create VD form
[10:01:55]   Main Menu y=64 expected=70
[10:01:55]   nav_y[ocvd_02_to_cfgmgmt/caret]: initial cursor_y=64 target=70
[10:01:55]   -> already at target
[10:01:58]   Cfg Mgmt y=64 expected=70 (Create VD)
[10:02:03]   form_open: size=22065 highlight_y=88 (expected near 88)
[10:02:03] === Phase 3: explore ArrowUp from y=147 -> y=128 ===
[10:02:03]   ArrowDown 1 (expect y=147)
[10:02:06]     size=18474 highlight_y_naive=128
[10:02:06]   probe[p3_02_at_147] before: size=18474 y_naive=128 expected_y=147
[10:02:08]   probe[p3_02_at_147] after NumpadAdd: size=18436 delta=-38
[10:02:10]   probe[p3_02_at_147] after NumpadSubtract: size=18474 delta_to_before=+0
[10:02:10]   probe[p3_02_at_147] size delta below threshold — no value change detected, cursor likely not on a probable row
[10:02:10]   probe at y=147: result_y=128 method=highlight
[10:02:10]   WARN: probe did not confirm y=147 (got 128)
[10:02:10]   ArrowUp x1 from y=147 (cursor was at y=147 before each round)
[10:02:13]     after ArrowUp x1: size=22065 y_naive=88
[10:02:15]     after NumpadAdd: size=22052 delta=-13
[10:02:15]     diff_y=None diff_sum=618
[10:02:17]     after NumpadSubtract: size=22065 restore_delta=+0
[10:02:17]   Resetting cursor by ArrowDown x1
[10:02:19]     back at y=147 area: size=18474 y_naive=128
[10:02:19]   ArrowUp x2 from y=147 (cursor was at y=147 before each round)
[10:02:24]     after ArrowUp x2: size=17265 y_naive=411
[10:02:26]     after NumpadAdd: size=17268 delta=+3
[10:02:26]     diff_y=411 diff_sum=2266
[10:02:28]     after NumpadSubtract: size=17265 restore_delta=+0
[10:02:28]   Resetting cursor by ArrowDown x2
[10:02:32]     back at y=147 area: size=18474 y_naive=128
[10:02:32]   ArrowUp x3 from y=147 (cursor was at y=147 before each round)
[10:02:39]     after ArrowUp x3: size=18532 y_naive=392
[10:02:41]     after NumpadAdd: size=18584 delta=+52
[10:02:41]     diff_y=None diff_sum=1854
[10:02:43]     after NumpadSubtract: size=18532 restore_delta=+0
[10:02:43]   Resetting cursor by ArrowDown x3
[10:02:50]     back at y=147 area: size=18474 y_naive=128
[10:02:50]   A2 + ArrowUp x2/x3 all failed
[10:02:50] --- Phase 3 result: A2 ArrowUp count = None ---
[10:02:50] === Phase 4: drives popup bounds + cursor detection ===
[10:02:50]   ArrowDown 1 (expect y=166 Select Drives)
[10:02:52]     size=17119 y_naive=147
[10:02:54]   NumpadAdd at expected y=166: delta=+0
[10:02:54]   Enter to open drives popup
[10:02:57]   popup size=16411
[10:02:57]   detect_popup_cursor_row default bounds: y=None
[10:02:58]   detect_active_cursor_row wide bounds (x=200-900): y=None
[10:02:58]   ArrowDown x4 to check cursor monotonicity in popup
[10:03:00]     down[1]: size=16531 popup_y=None wide_y=None
[10:03:02]     down[2]: size=16521 popup_y=None wide_y=None
[10:03:05]     down[3]: size=16817 popup_y=None wide_y=None
[10:03:07]     down[4]: size=15887 popup_y=None wide_y=183
[10:03:07]   popup default bounds: [None, None, None, None]
[10:03:07]   wide bounds:           [None, None, None, 183]
[10:03:07]   Esc to cancel popup
[10:03:09]   back at form: size=22065
[10:03:09] --- Phase 4 popup ys (default): [None, None, None, None] ---
[10:03:09] --- Phase 4 popup ys (wide):    [None, None, None, 183] ---
[10:03:09] --- Cleanup: emergency_esc_out ---
[10:03:12]   emerg_esc[1]: size=10934 state=None
[10:03:14]   emerg_esc[2]: size=14440 state=main_menu_submenu_cfg_mgmt
[10:03:14]   emergency_esc_out -> main_menu_submenu_cfg_mgmt (safe)
[10:03:14] iter_09_explore done
