==== Phase 5: Cleanup + 互換性復元 ====
Start: 20:01:17
-- step 1: DisconnectCD --
DisconnectCD HTTP=204
-- step 2: smb.conf 復元 --
   diff:
-- step 3: smbcontrol reload + close-share --
-- step 4: 元 ISO に config 戻す --
PATCH payload: {"CDImage":{"Server":"10.1.6.1","UserName":"guest","Password":"guest","UserDomain":"","ShareType":"SMB","ShareName":"public","ImageName":"debian-training-tx1320-raid10.iso"},"RemoteMountEnabled":true}
{
  "@odata.context":"\/redfish\/v1\/$metadata#Systems\/Members\/0\/Oem\/ts_fujitsu\/VirtualMedia(Name,FDImage,CDImage,HDImage,RemoteMountEnabled,UsbAttachMode)",
  "@odata.id":"\/redfish\/v1\/Systems\/0\/Oem\/ts_fujitsu\/VirtualMedia",
  "@odata.type":"http:\/\/ts.fujitsu.com\/redfish-schemas\/v1\/FTSSchema.v1_0_0#FTSVirtualMedia.v1_0_0.FTSVirtualMedia",
  "Name":"Virtual Media Configuration",
  "FDImage":{
    "Server":"",
    "UserName":"",
    "Password":null,
    "UserDomain":"",
    "ShareType":"SMB",
    "ShareName":"",
    "ImageName":"",
    "MaximumNumberOfDevices":0
  },
  "CDImage":{
    "Server":"10.1.6.1",
    "UserName":"guest",
    "Password":null,
    "UserDomain":"",
    "ShareType":"SMB",
    "ShareName":"public",
    "ImageName":"debian-training-tx1320-raid10.iso",
    "MaximumNumberOfDevices":2
  },
  "HDImage":{
    "Server":"",
    "UserName":"",
    "Password":null,
    "UserDomain":"",
    "ShareType":"SMB",
    "ShareName":"",
    "ImageName":"",
    "MaximumNumberOfDevices":0
  },
  "RemoteMountEnabled":true,
  "UsbAttachMode":"AutoAttach",
  "@Redfish.Copyright":"Copyright 2017 FUJITSU LIMITED",
  "@odata.etag":"1779308100"
}

HTTP 200
-- step 5: status 確認 --
CDImage.Server=10.1.6.1
CDImage.ShareName=public
CDImage.ImageName=debian-training-tx1320-raid10.iso
RemoteMountEnabled=true
End: 20:01:27
