[09:17:01] Deactivating any existing SOL session
[09:17:04] Connecting SOL to 10.254.254.9
[09:17:07] SOL connected, starting installer monitoring
[09:17:07] Monitoring started (timeout=599.9999833106995s, powerstate_interval=30s, initial_stage_idx=-1)
[09:17:38] PowerState poll: None (0.5min, stages=0)
[09:18:08] Stage observed: COUNT=0/9
[09:18:09] PowerState poll: None (1.0min, stages=0)
[09:18:41] PowerState poll: None (1.5min, stages=0)
[09:19:11] Stage observed: COUNT=0/9
[09:19:12] PowerState poll: None (2.1min, stages=0)
[09:19:44] PowerState poll: None (2.6min, stages=0)
[09:20:14] Stage observed: COUNT=0/9
[09:20:15] PowerState poll: None (3.1min, stages=0)
[09:20:46] PowerState poll: None (3.6min, stages=0)
[09:21:16] Stage observed: COUNT=0/9
[09:21:18] PowerState poll: None (4.2min, stages=0)
[09:21:50] PowerState poll: None (4.7min, stages=0)
[09:22:20] Stage observed: COUNT=0/9
[09:22:21] PowerState poll: None (5.2min, stages=0)
[09:22:53] PowerState poll: None (5.7min, stages=0)
[09:23:23] Stage observed: COUNT=0/9
[09:23:26] PowerState poll: None (6.3min, stages=0)
[09:23:57] PowerState poll: None (6.8min, stages=0)
[09:24:27] Stage observed: COUNT=0/9
[09:24:29] PowerState poll: None (7.3min, stages=0)
[09:25:01] PowerState poll: None (7.9min, stages=0)
[09:25:31] Stage observed: COUNT=0/9
[09:25:33] PowerState poll: None (8.4min, stages=0)
[09:26:04] PowerState poll: None (8.9min, stages=0)
[09:26:34] Stage observed: COUNT=0/9
[09:26:36] PowerState poll: None (9.5min, stages=0)
[09:27:08] PowerState poll: None (10.0min, stages=0)
[09:27:08] Timeout reached (599.9999833106995s)
